I'm sorry, but errors were detected in your script. Please correct the
errors listed below, and try again.


File "game/script.rpy", line 453: unmatched ']'
    False]
          ^

Ren'Py Version: Ren'Py 8.3.0.24082114
Mon Oct 21 18:42:06 2024
